srun --ntasks=4 --ntasks-per-node=2 --overlap python train_metaworld_ed4ct.py batch_size=32 env_name=push-v3 wandb_tag="SRIRECT" agent.pretrained_path=/leonardo/home/userexternal/mprattico/Pretrain-TACO/models/resnet50_l5.tar wandb_mode=offline exp_name=dbg_prova
osmesa
osmesa
osmesa
osmesa
lrdn3116:739709:739709 [0] NCCL INFO cudaDriverVersion 12010
lrdn3116:739709:739709 [0] NCCL INFO NCCL_SOCKET_IFNAME set by environment to ^lo,docker
lrdn3116:739709:739709 [0] NCCL INFO Bootstrap: Using enp1s0f0:10.9.0.236<0>
lrdn3116:739709:739709 [0] NCCL INFO NCCL version 2.26.2+cuda12.2
lrdn3116:739709:739709 [0] NCCL INFO Comm config Blocking set to 1
lrdn3116:739709:739808 [0] NCCL INFO NET/Plugin: Could not find: libnccl-net.so. Using internal net plugin.
lrdn3116:739709:739808 [0] NCCL INFO NCCL_IB_DISABLE set by environment to 0.
lrdn3116:739709:739808 [0] NCCL INFO NCCL_SOCKET_IFNAME set by environment to ^lo,docker
lrdn3116:739709:739808 [0] NCCL INFO NCCL_IB_HCA set to mlx5
lrdn3116:739709:739808 [0] NCCL INFO NET/IB : Using [0]mlx5_0:1/IB [1]mlx5_1:1/IB [2]mlx5_2:1/IB [3]mlx5_3:1/IB [RO]; OOB enp1s0f0:10.9.0.236<0>
lrdn3116:739709:739808 [0] NCCL INFO PROFILER/Plugin: Could not find: libnccl-profiler.so. 
lrdn3116:739709:739808 [0] NCCL INFO Using network IB
lrdn3116:739709:739808 [0] NCCL INFO ncclCommInitRankConfig comm 0x557223e9c630 rank 2 nranks 4 cudaDev 0 nvmlDev 0 busId 1d000 commId 0x423c38da9fcd64e7 - Init START
lrdn3116:739709:739808 [0] NCCL INFO RAS client listening socket at ::1<28028>
lrdn3116:739709:739808 [0] NCCL INFO Bootstrap timings total 0.016135 (create 0.000016, send 0.000129, recv 0.000104, ring 0.000112, delay 0.000001)
lrdn3116:739709:739808 [0] NCCL INFO NCCL_IGNORE_DISABLED_P2P set by environment to 1.
lrdn3116:739709:739808 [0] NCCL INFO NCCL_NET_GDR_LEVEL set by environment to PXB
lrdn3116:739709:739808 [0] NCCL INFO Setting affinity for GPU 0 to ffff
lrdn3116:739709:739808 [0] NCCL INFO comm 0x557223e9c630 rank 2 nRanks 4 nNodes 2 localRanks 2 localRank 0 MNNVL 0
lrdn3116:739709:739808 [0] NCCL INFO Trees [0] 3/-1/-1->2->0 [1] 3/-1/-1->2->0 [2] 3/0/-1->2->-1 [3] 3/0/-1->2->-1
lrdn3116:739709:739808 [0] NCCL INFO P2P Chunksize set to 131072
lrdn3116:739709:739822 [0] NCCL INFO [Proxy Service UDS] Device 0 CPU core 10
lrdn3116:739709:739821 [0] NCCL INFO [Proxy Service] Device 0 CPU core 4
lrdn3116:739709:739808 [0] NCCL INFO threadThresholds 8/8/64 | 32/8/64 | 512 | 512
lrdn3116:739709:739808 [0] NCCL INFO 4 coll channels, 4 collnet channels, 0 nvls channels, 4 p2p channels, 2 p2p channels per peer
lrdn3116:739709:739808 [0] NCCL INFO TUNER/Plugin: Could not find: libnccl-tuner.so. Using internal tuner plugin.
lrdn3116:739709:739808 [0] NCCL INFO ncclCommInitRankConfig comm 0x557223e9c630 rank 2 nranks 4 cudaDev 0 nvmlDev 0 busId 1d000 commId 0x423c38da9fcd64e7 - Init COMPLETE
lrdn3116:739709:739808 [0] NCCL INFO Init timings - ncclCommInitRankConfig: rank 2 nranks 4 total 0.19 (kernels 0.12, alloc 0.02, bootstrap 0.02, allgathers 0.00, topo 0.03, graphs 0.00, connections 0.00, rest 0.00)
lrdn3116:739709:739890 [0] NCCL INFO [Proxy Progress] Device 0 CPU core 12
lrdn3116:739709:739889 [0] NCCL INFO Channel 00/0 : 1[1] -> 2[0] [receive] via NET/IB/4/GDRDMA
lrdn3116:739709:739889 [0] NCCL INFO Channel 02/0 : 1[1] -> 2[0] [receive] via NET/IB/4/GDRDMA
lrdn3116:739709:739889 [0] NCCL INFO Channel 00/0 : 2[0] -> 3[1] via P2P/CUMEM/read
lrdn3116:739709:739889 [0] NCCL INFO Channel 02/0 : 2[0] -> 3[1] via P2P/CUMEM/read
lrdn3116:739709:739889 [0] NCCL INFO Channel 01/0 : 2[0] -> 1[1] [send] via NET/IB/5(3)/GDRDMA
lrdn3116:739709:739889 [0] NCCL INFO Channel 03/0 : 2[0] -> 1[1] [send] via NET/IB/5(3)/GDRDMA
lrdn3116:739709:739821 [0] NCCL INFO NCCL_IB_TIMEOUT set by environment to 22.
lrdn3116:739709:739821 [0] NCCL INFO NCCL_IB_RETRY_CNT set by environment to 7.
lrdn3116:739709:739889 [0] NCCL INFO Connected all rings, use ring PXN 1 GDR 1
lrdn3116:739710:739710 [1] NCCL INFO cudaDriverVersion 12010
lrdn3116:739710:739710 [1] NCCL INFO NCCL_SOCKET_IFNAME set by environment to ^lo,docker
lrdn3116:739710:739710 [1] NCCL INFO Bootstrap: Using enp1s0f0:10.9.0.236<0>
lrdn3116:739710:739710 [1] NCCL INFO NCCL version 2.26.2+cuda12.2
lrdn3116:739710:739710 [1] NCCL INFO Comm config Blocking set to 1
lrdn3116:739710:739807 [1] NCCL INFO NET/Plugin: Could not find: libnccl-net.so. Using internal net plugin.
lrdn3116:739710:739807 [1] NCCL INFO NCCL_IB_DISABLE set by environment to 0.
lrdn3116:739710:739807 [1] NCCL INFO NCCL_SOCKET_IFNAME set by environment to ^lo,docker
lrdn3116:739710:739807 [1] NCCL INFO NCCL_IB_HCA set to mlx5
lrdn3116:739710:739807 [1] NCCL INFO NET/IB : Using [0]mlx5_0:1/IB [1]mlx5_1:1/IB [2]mlx5_2:1/IB [3]mlx5_3:1/IB [RO]; OOB enp1s0f0:10.9.0.236<0>
lrdn3116:739710:739807 [1] NCCL INFO PROFILER/Plugin: Could not find: libnccl-profiler.so. 
lrdn3116:739710:739807 [1] NCCL INFO Using network IB
lrdn3116:739710:739807 [1] NCCL INFO ncclCommInitRankConfig comm 0x560bdd3c0100 rank 3 nranks 4 cudaDev 1 nvmlDev 1 busId 56000 commId 0x423c38da9fcd64e7 - Init START
lrdn3116:739710:739807 [1] NCCL INFO RAS client listening socket at ::1<28028>
lrdn3116:739710:739807 [1] NCCL INFO Bootstrap timings total 0.029018 (create 0.000021, send 0.000168, recv 0.009796, ring 0.015644, delay 0.000000)
lrdn3116:739710:739807 [1] NCCL INFO NCCL_IGNORE_DISABLED_P2P set by environment to 1.
lrdn3116:739710:739807 [1] NCCL INFO NCCL_NET_GDR_LEVEL set by environment to PXB
lrdn3116:739710:739807 [1] NCCL INFO Setting affinity for GPU 1 to ffff
lrdn3116:739710:739807 [1] NCCL INFO comm 0x560bdd3c0100 rank 3 nRanks 4 nNodes 2 localRanks 2 localRank 1 MNNVL 0
lrdn3116:739710:739807 [1] NCCL INFO Trees [0] -1/-1/-1->3->2 [1] -1/-1/-1->3->2 [2] -1/-1/-1->3->2 [3] -1/-1/-1->3->2
lrdn3116:739710:739807 [1] NCCL INFO P2P Chunksize set to 131072
lrdn3116:739710:739820 [1] NCCL INFO [Proxy Service UDS] Device 1 CPU core 12
lrdn3116:739710:739819 [1] NCCL INFO [Proxy Service] Device 1 CPU core 3
lrdn3116:739710:739807 [1] NCCL INFO threadThresholds 8/8/64 | 32/8/64 | 512 | 512
lrdn3116:739710:739807 [1] NCCL INFO 4 coll channels, 4 collnet channels, 0 nvls channels, 4 p2p channels, 2 p2p channels per peer
lrdn3116:739710:739807 [1] NCCL INFO TUNER/Plugin: Could not find: libnccl-tuner.so. Using internal tuner plugin.
lrdn3116:739710:739807 [1] NCCL INFO ncclCommInitRankConfig comm 0x560bdd3c0100 rank 3 nranks 4 cudaDev 1 nvmlDev 1 busId 56000 commId 0x423c38da9fcd64e7 - Init COMPLETE
lrdn3116:739710:739807 [1] NCCL INFO Init timings - ncclCommInitRankConfig: rank 3 nranks 4 total 0.26 (kernels 0.14, alloc 0.05, bootstrap 0.03, allgathers 0.00, topo 0.03, graphs 0.00, connections 0.00, rest 0.00)
lrdn3116:739710:739888 [1] NCCL INFO Channel 00/0 : 3[1] -> 0[0] [send] via NET/IB/4(2)/GDRDMA
lrdn3116:739710:739888 [1] NCCL INFO Channel 02/0 : 3[1] -> 0[0] [send] via NET/IB/4(2)/GDRDMA
lrdn3116:739710:739888 [1] NCCL INFO Channel 01/0 : 0[0] -> 3[1] [receive] via NET/IB/5/GDRDMA
lrdn3116:739710:739888 [1] NCCL INFO Channel 03/0 : 0[0] -> 3[1] [receive] via NET/IB/5/GDRDMA
lrdn3116:739710:739888 [1] NCCL INFO Channel 01/0 : 3[1] -> 2[0] via P2P/CUMEM/read
lrdn3116:739710:739891 [1] NCCL INFO [Proxy Progress] Device 1 CPU core 14
lrdn3116:739710:739888 [1] NCCL INFO Channel 03/0 : 3[1] -> 2[0] via P2P/CUMEM/read
lrdn3116:739710:739819 [1] NCCL INFO NCCL_IB_TIMEOUT set by environment to 22.
lrdn3116:739710:739819 [1] NCCL INFO NCCL_IB_RETRY_CNT set by environment to 7.
lrdn3116:739710:739888 [1] NCCL INFO Connected all rings, use ring PXN 1 GDR 1
lrdn3113:811370:811370 [0] NCCL INFO NCCL_SOCKET_IFNAME set by environment to ^lo,docker
lrdn3113:811370:811370 [0] NCCL INFO Bootstrap: Using enp1s0f0:10.9.0.233<0>
lrdn3113:811370:811370 [0] NCCL INFO cudaDriverVersion 12010
lrdn3113:811370:811370 [0] NCCL INFO NCCL version 2.26.2+cuda12.2
lrdn3113:811370:811370 [0] NCCL INFO Comm config Blocking set to 1
lrdn3113:811370:811472 [0] NCCL INFO NET/Plugin: Could not find: libnccl-net.so. Using internal net plugin.
lrdn3113:811370:811472 [0] NCCL INFO NCCL_IB_DISABLE set by environment to 0.
lrdn3113:811370:811472 [0] NCCL INFO NCCL_SOCKET_IFNAME set by environment to ^lo,docker
lrdn3113:811370:811472 [0] NCCL INFO NCCL_IB_HCA set to mlx5
lrdn3113:811370:811472 [0] NCCL INFO NET/IB : Using [0]mlx5_0:1/IB [1]mlx5_1:1/IB [2]mlx5_2:1/IB [3]mlx5_3:1/IB [RO]; OOB enp1s0f0:10.9.0.233<0>
lrdn3113:811370:811472 [0] NCCL INFO PROFILER/Plugin: Could not find: libnccl-profiler.so. 
lrdn3113:811370:811472 [0] NCCL INFO Using network IB
lrdn3113:811370:811472 [0] NCCL INFO ncclCommInitRankConfig comm 0x562fe65cf510 rank 0 nranks 4 cudaDev 0 nvmlDev 0 busId 1d000 commId 0x423c38da9fcd64e7 - Init START
lrdn3113:811370:811472 [0] NCCL INFO RAS client listening socket at ::1<28028>
lrdn3113:811370:811472 [0] NCCL INFO Bootstrap timings total 0.019445 (create 0.000015, send 0.000053, recv 0.018094, ring 0.001075, delay 0.000001)
lrdn3113:811370:811472 [0] NCCL INFO NCCL_IGNORE_DISABLED_P2P set by environment to 1.
lrdn3113:811370:811472 [0] NCCL INFO NCCL_NET_GDR_LEVEL set by environment to PXB
lrdn3113:811370:811472 [0] NCCL INFO Setting affinity for GPU 0 to ffff
lrdn3113:811370:811472 [0] NCCL INFO comm 0x562fe65cf510 rank 0 nRanks 4 nNodes 2 localRanks 2 localRank 0 MNNVL 0
lrdn3113:811370:811472 [0] NCCL INFO Channel 00/04 : 0 1 2 3
lrdn3113:811370:811472 [0] NCCL INFO Channel 01/04 : 0 3 2 1
lrdn3113:811370:811472 [0] NCCL INFO Channel 02/04 : 0 1 2 3
lrdn3113:811370:811472 [0] NCCL INFO Channel 03/04 : 0 3 2 1
lrdn3113:811370:811472 [0] NCCL INFO Trees [0] 1/2/-1->0->-1 [1] 1/2/-1->0->-1 [2] 1/-1/-1->0->2 [3] 1/-1/-1->0->2
lrdn3113:811370:811472 [0] NCCL INFO P2P Chunksize set to 131072
lrdn3113:811370:811472 [0] NCCL INFO Check P2P Type intraNodeP2pSupport 1 directMode 0
lrdn3113:811370:811485 [0] NCCL INFO [Proxy Service] Device 0 CPU core 15
lrdn3113:811370:811486 [0] NCCL INFO [Proxy Service UDS] Device 0 CPU core 1
lrdn3113:811370:811472 [0] NCCL INFO threadThresholds 8/8/64 | 32/8/64 | 512 | 512
lrdn3113:811370:811472 [0] NCCL INFO 4 coll channels, 4 collnet channels, 0 nvls channels, 4 p2p channels, 2 p2p channels per peer
lrdn3113:811370:811472 [0] NCCL INFO CC Off, workFifoBytes 1048576
lrdn3113:811370:811472 [0] NCCL INFO TUNER/Plugin: Could not find: libnccl-tuner.so. Using internal tuner plugin.
lrdn3113:811370:811472 [0] NCCL INFO ncclCommInitRankConfig comm 0x562fe65cf510 rank 0 nranks 4 cudaDev 0 nvmlDev 0 busId 1d000 commId 0x423c38da9fcd64e7 - Init COMPLETE
lrdn3113:811370:811472 [0] NCCL INFO Init timings - ncclCommInitRankConfig: rank 0 nranks 4 total 0.19 (kernels 0.12, alloc 0.02, bootstrap 0.02, allgathers 0.00, topo 0.03, graphs 0.00, connections 0.00, rest 0.00)
lrdn3113:811370:811556 [0] NCCL INFO [Proxy Progress] Device 0 CPU core 15
lrdn3113:811370:811554 [0] NCCL INFO Channel 00/0 : 3[1] -> 0[0] [receive] via NET/IB/4/GDRDMA
lrdn3113:811370:811554 [0] NCCL INFO Channel 02/0 : 3[1] -> 0[0] [receive] via NET/IB/4/GDRDMA
lrdn3113:811370:811554 [0] NCCL INFO Channel 00/0 : 0[0] -> 1[1] via P2P/CUMEM/read
lrdn3113:811370:811554 [0] NCCL INFO Channel 02/0 : 0[0] -> 1[1] via P2P/CUMEM/read
lrdn3113:811370:811554 [0] NCCL INFO Channel 01/0 : 0[0] -> 3[1] [send] via NET/IB/5(1)/GDRDMA
lrdn3113:811370:811554 [0] NCCL INFO Channel 03/0 : 0[0] -> 3[1] [send] via NET/IB/5(1)/GDRDMA
lrdn3113:811370:811485 [0] NCCL INFO NCCL_IB_TIMEOUT set by environment to 22.
lrdn3113:811370:811485 [0] NCCL INFO NCCL_IB_RETRY_CNT set by environment to 7.
lrdn3113:811370:811554 [0] NCCL INFO Connected all rings, use ring PXN 1 GDR 1
lrdn3113:811371:811371 [1] NCCL INFO cudaDriverVersion 12010
lrdn3113:811371:811371 [1] NCCL INFO NCCL_SOCKET_IFNAME set by environment to ^lo,docker
lrdn3113:811371:811371 [1] NCCL INFO Bootstrap: Using enp1s0f0:10.9.0.233<0>
lrdn3113:811371:811371 [1] NCCL INFO NCCL version 2.26.2+cuda12.2
lrdn3113:811371:811371 [1] NCCL INFO Comm config Blocking set to 1
lrdn3113:811371:811471 [1] NCCL INFO NET/Plugin: Could not find: libnccl-net.so. Using internal net plugin.
lrdn3113:811371:811471 [1] NCCL INFO NCCL_IB_DISABLE set by environment to 0.
lrdn3113:811371:811471 [1] NCCL INFO NCCL_SOCKET_IFNAME set by environment to ^lo,docker
lrdn3113:811371:811471 [1] NCCL INFO NCCL_IB_HCA set to mlx5
lrdn3113:811371:811471 [1] NCCL INFO NET/IB : Using [0]mlx5_0:1/IB [1]mlx5_1:1/IB [2]mlx5_2:1/IB [3]mlx5_3:1/IB [RO]; OOB enp1s0f0:10.9.0.233<0>
lrdn3113:811371:811471 [1] NCCL INFO PROFILER/Plugin: Could not find: libnccl-profiler.so. 
lrdn3113:811371:811471 [1] NCCL INFO Using network IB
lrdn3113:811371:811471 [1] NCCL INFO ncclCommInitRankConfig comm 0x55bc1a1a0eb0 rank 1 nranks 4 cudaDev 1 nvmlDev 1 busId 56000 commId 0x423c38da9fcd64e7 - Init START
lrdn3113:811371:811471 [1] NCCL INFO RAS client listening socket at ::1<28028>
lrdn3113:811371:811471 [1] NCCL INFO Bootstrap timings total 0.001361 (create 0.000016, send 0.000057, recv 0.000058, ring 0.000955, delay 0.000000)
lrdn3113:811371:811471 [1] NCCL INFO NCCL_IGNORE_DISABLED_P2P set by environment to 1.
lrdn3113:811371:811471 [1] NCCL INFO NCCL_NET_GDR_LEVEL set by environment to PXB
lrdn3113:811371:811471 [1] NCCL INFO Setting affinity for GPU 1 to ffff
lrdn3113:811371:811471 [1] NCCL INFO comm 0x55bc1a1a0eb0 rank 1 nRanks 4 nNodes 2 localRanks 2 localRank 1 MNNVL 0
lrdn3113:811371:811471 [1] NCCL INFO Trees [0] -1/-1/-1->1->0 [1] -1/-1/-1->1->0 [2] -1/-1/-1->1->0 [3] -1/-1/-1->1->0
lrdn3113:811371:811471 [1] NCCL INFO P2P Chunksize set to 131072
lrdn3113:811371:811483 [1] NCCL INFO [Proxy Service] Device 1 CPU core 2
lrdn3113:811371:811484 [1] NCCL INFO [Proxy Service UDS] Device 1 CPU core 7
lrdn3113:811371:811471 [1] NCCL INFO threadThresholds 8/8/64 | 32/8/64 | 512 | 512
lrdn3113:811371:811471 [1] NCCL INFO 4 coll channels, 4 collnet channels, 0 nvls channels, 4 p2p channels, 2 p2p channels per peer
lrdn3113:811371:811471 [1] NCCL INFO TUNER/Plugin: Could not find: libnccl-tuner.so. Using internal tuner plugin.
lrdn3113:811371:811471 [1] NCCL INFO ncclCommInitRankConfig comm 0x55bc1a1a0eb0 rank 1 nranks 4 cudaDev 1 nvmlDev 1 busId 56000 commId 0x423c38da9fcd64e7 - Init COMPLETE
lrdn3113:811371:811471 [1] NCCL INFO Init timings - ncclCommInitRankConfig: rank 1 nranks 4 total 0.24 (kernels 0.14, alloc 0.06, bootstrap 0.00, allgathers 0.00, topo 0.03, graphs 0.00, connections 0.00, rest 0.00)
lrdn3113:811371:811555 [1] NCCL INFO Channel 00/0 : 1[1] -> 2[0] [send] via NET/IB/4(0)/GDRDMA
lrdn3113:811371:811555 [1] NCCL INFO Channel 02/0 : 1[1] -> 2[0] [send] via NET/IB/4(0)/GDRDMA
lrdn3113:811371:811555 [1] NCCL INFO Channel 01/0 : 2[0] -> 1[1] [receive] via NET/IB/5/GDRDMA
lrdn3113:811371:811555 [1] NCCL INFO Channel 03/0 : 2[0] -> 1[1] [receive] via NET/IB/5/GDRDMA
lrdn3113:811371:811555 [1] NCCL INFO Channel 01/0 : 1[1] -> 0[0] via P2P/CUMEM/read
lrdn3113:811371:811557 [1] NCCL INFO [Proxy Progress] Device 1 CPU core 15
lrdn3113:811371:811555 [1] NCCL INFO Channel 03/0 : 1[1] -> 0[0] via P2P/CUMEM/read
lrdn3113:811371:811483 [1] NCCL INFO NCCL_IB_TIMEOUT set by environment to 22.
lrdn3113:811371:811483 [1] NCCL INFO NCCL_IB_RETRY_CNT set by environment to 7.
lrdn3113:811371:811555 [1] NCCL INFO Connected all rings, use ring PXN 1 GDR 1
wandb: Tracking run with wandb version 0.20.1
wandb: W&B syncing is set to `offline` in this directory. Run `wandb online` or set WANDB_MODE=online to enable cloud syncing.
wandb: WARNING Saving files without folders. If you want to preserve subdirectories pass base_path to wandb.save, i.e. wandb.save("/mnt/folder/file.h5", base_path="/mnt")
=== Environment Variables Debug ===
LOCAL_RANK: NOT_SET
RANK: NOT_SET
WORLD_SIZE: NOT_SET
SLURM_PROCID: 0
SLURM_NTASKS: 4
SLURM_LOCALID: 0
SLURM_NODEID: 0
SLURM_JOB_NUM_NODES: 2
SLURM_NODELIST: lrdn[3113,3116]
MASTER_ADDR: lrdn3113
MASTER_PORT: 35632
CUDA_VISIBLE_DEVICES: 0,1,2,3
=====================================
Detected SLURM/srun environment: rank=0, world_size=4
SLURM setup: RANK=0, WORLD_SIZE=4, LOCAL_RANK=0
SLURM node info: NODEID=0, NUM_NODES=2
Running distributed training: rank=0, world_size=4
MASTER_ADDR: lrdn3113
MASTER_PORT: 35632
Rank 0: Set NCCL_NET=IB
Rank 0: Set NCCL_IB_CUDA_SUPPORT=1
Rank 0: Set NCCL_IGNORE_DISABLED_P2P=1
Rank 0: Raw MASTER_PORT='35632'
Rank 0: Cleaned MASTER_PORT='35632'
Rank 0: Initializing DDP with MASTER_ADDR=lrdn3113, MASTER_PORT=35632
Rank 0: SLURM_PROCID=0
Rank 0: SLURM_LOCALID=0
Rank 0: SLURM_NODEID=0
Rank 0: SLURM_JOB_NUM_NODES=2
Rank 0: SLURM_NODELIST=lrdn[3113,3116]
Rank 0: Running on hostname: lrdn3113.leonardo.local
Rank 0: SLURM detected, using SLURM_LOCALID=0 as CUDA device
Rank 0: Available CUDA devices: 4
Rank 0: Using CUDA device: 0
Rank 0: Set device to cuda:0
Rank 0: Attempting to initialize process group with backend=nccl, device_id=0
Rank 0: DDP initialization successful with backend=nccl, CUDA device=0
Rank 0: NCCL process group initialized, skipping barrier test
workspace: /leonardo/home/userexternal/mprattic/Pretrain-TACO/exp_local/metaworld/dbg_prova_push-v3
Rank 0: Using device cuda:0 (LOCAL_RANK=0, SLURM_LOCALID=0, CUDA devices available: 4)
Loading Data into CPU Memory
Replay buffer size: 0
ED4CT warning:
If you run your project on multi-GPU, you should assign ground_truth_pos to loss function explicitly.
Using ResNet configuration: /leonardo/home/userexternal/mprattico/Pretrain-TACO/models/resnet50_l5.tar
Rank 0: Waiting for all processes to sync...
Rank 0: All processes synced
| eval  | F: 0 | S: 0 | E: 0 | L: 500 | R: 7.8286 | T: 0:00:00

